$ next dev -p 3000 2>&1 | tee dev.log
▲ Next.js 16.1.3 (Turbopack)
- Local:         http://localhost:3000
- Network:       http://21.0.4.227:3000
- Environments: .env

✓ Starting...
✓ Ready in 557ms
 GET / 200 in 1118ms (compile: 965ms, render: 153ms)
prisma:query SELECT `main`.`Category`.`id`, `main`.`Category`.`slug`, `main`.`Category`.`name`, `main`.`Category`.`nameEn`, `main`.`Category`.`tagline`, `main`.`Category`.`taglineEn`, `main`.`Category`.`description`, `main`.`Category`.`descriptionEn`, `main`.`Category`.`image`, `main`.`Category`.`order`, `main`.`Category`.`createdAt`, `main`.`Category`.`updatedAt` FROM `main`.`Category` WHERE 1=1 ORDER BY `main`.`Category`.`order` ASC LIMIT ? OFFSET ?
prisma:query SELECT `main`.`Product`.`id`, `main`.`Product`.`categorySlug` FROM `main`.`Product` WHERE `main`.`Product`.`categorySlug` IN (?,?,?,?) LIMIT ? OFFSET ?
 GET /api/categories 200 in 178ms (compile: 76ms, render: 102ms)
 GET /api/products?featured=true 200 in 171ms (compile: 151ms, render: 20ms)
prisma:query SELECT `main`.`Product`.`id`, `main`.`Product`.`slug`, `main`.`Product`.`name`, `main`.`Product`.`nameEn`, `main`.`Product`.`description`, `main`.`Product`.`descriptionEn`, `main`.`Product`.`priceCents`, `main`.`Product`.`categorySlug`, `main`.`Product`.`image`, `main`.`Product`.`gallery`, `main`.`Product`.`material`, `main`.`Product`.`origin`, `main`.`Product`.`craftingTime`, `main`.`Product`.`badge`, `main`.`Product`.`featured`, `main`.`Product`.`inStock`, `main`.`Product`.`stock`, `main`.`Product`.`createdAt`, `main`.`Product`.`updatedAt` FROM `main`.`Product` WHERE `main`.`Product`.`featured` = ? ORDER BY `main`.`Product`.`createdAt` DESC LIMIT ? OFFSET ?
prisma:query SELECT `main`.`Category`.`id`, `main`.`Category`.`slug`, `main`.`Category`.`name`, `main`.`Category`.`nameEn`, `main`.`Category`.`tagline`, `main`.`Category`.`taglineEn`, `main`.`Category`.`description`, `main`.`Category`.`descriptionEn`, `main`.`Category`.`image`, `main`.`Category`.`order`, `main`.`Category`.`createdAt`, `main`.`Category`.`updatedAt` FROM `main`.`Category` WHERE `main`.`Category`.`slug` IN (?,?,?) LIMIT ? OFFSET ?
 GET /api/auth/session 200 in 613ms (compile: 598ms, render: 15ms)
 GET / 200 in 48ms (compile: 4ms, render: 45ms)
 GET /api/categories 200 in 11ms (compile: 3ms, render: 8ms)
prisma:query SELECT `main`.`Category`.`id`, `main`.`Category`.`slug`, `main`.`Category`.`name`, `main`.`Category`.`nameEn`, `main`.`Category`.`tagline`, `main`.`Category`.`taglineEn`, `main`.`Category`.`description`, `main`.`Category`.`descriptionEn`, `main`.`Category`.`image`, `main`.`Category`.`order`, `main`.`Category`.`createdAt`, `main`.`Category`.`updatedAt` FROM `main`.`Category` WHERE 1=1 ORDER BY `main`.`Category`.`order` ASC LIMIT ? OFFSET ?
prisma:query SELECT `main`.`Product`.`id`, `main`.`Product`.`categorySlug` FROM `main`.`Product` WHERE `main`.`Product`.`categorySlug` IN (?,?,?,?) LIMIT ? OFFSET ?
 GET /api/products?featured=true 200 in 8ms (compile: 3ms, render: 5ms)
prisma:query SELECT `main`.`Product`.`id`, `main`.`Product`.`slug`, `main`.`Product`.`name`, `main`.`Product`.`nameEn`, `main`.`Product`.`description`, `main`.`Product`.`descriptionEn`, `main`.`Product`.`priceCents`, `main`.`Product`.`categorySlug`, `main`.`Product`.`image`, `main`.`Product`.`gallery`, `main`.`Product`.`material`, `main`.`Product`.`origin`, `main`.`Product`.`craftingTime`, `main`.`Product`.`badge`, `main`.`Product`.`featured`, `main`.`Product`.`inStock`, `main`.`Product`.`stock`, `main`.`Product`.`createdAt`, `main`.`Product`.`updatedAt` FROM `main`.`Product` WHERE `main`.`Product`.`featured` = ? ORDER BY `main`.`Product`.`createdAt` DESC LIMIT ? OFFSET ?
prisma:query SELECT `main`.`Category`.`id`, `main`.`Category`.`slug`, `main`.`Category`.`name`, `main`.`Category`.`nameEn`, `main`.`Category`.`tagline`, `main`.`Category`.`taglineEn`, `main`.`Category`.`description`, `main`.`Category`.`descriptionEn`, `main`.`Category`.`image`, `main`.`Category`.`order`, `main`.`Category`.`createdAt`, `main`.`Category`.`updatedAt` FROM `main`.`Category` WHERE `main`.`Category`.`slug` IN (?,?,?) LIMIT ? OFFSET ?
 GET /api/auth/session 200 in 29ms (compile: 20ms, render: 9ms)
